// Vitest Snapshot v1, https://vitest.dev/guide/snapshot.html

exports[`PrincipleCard > matches the snapshot 1`] = `
<div
  class="_card_26746a"
>
  <h3
    class="_title_26746a"
  >
    Narrow the blast radius
  </h3>
  <p
    class="_body_26746a"
  >
    Design for safe failure. Isolate. Contain. Make incidents small and boring.
  </p>
</div>
`;
